<?php return array (
  0 => 'Symfony\\Bundle\\FrameworkBundle\\Controller\\AbstractController',
  1 => 'App\\Controller\\FacebookCallbackController',
  2 => 'App\\Controller\\FacebookLoginController',
  3 => 'App\\Controller\\FallbackPageController',
  4 => 'App\\Controller\\GoogleController',
  5 => 'App\\Controller\\LinkedinCallbackController',
  6 => 'App\\Controller\\LinkedinLoginController',
  7 => 'App\\Controller\\MyController',
  8 => 'App\\Controller\\PostArchiveController',
  9 => 'App\\Controller\\PostContentController',
  10 => 'App\\Controller\\RegistrationController',
  11 => 'App\\Controller\\ResetSocialsController',
  12 => 'App\\Controller\\SecurityController',
  13 => 'App\\Controller\\SocialMediaController',
  14 => 'App\\Controller\\TwitterCallbackController',
  15 => 'App\\Controller\\TwitterLoginController',
  16 => 'App\\Entity\\Post',
  17 => 'App\\Entity\\User',
  18 => 'Doctrine\\Bundle\\DoctrineBundle\\Controller\\ProfilerController',
  19 => 'Doctrine\\ORM\\Cache\\Persister\\Entity\\AbstractEntityPersister',
  20 => 'Doctrine\\ORM\\Cache\\Persister\\Entity\\CachedEntityPersister',
  21 => 'Doctrine\\ORM\\Cache\\Persister\\Entity\\NonStrictReadWriteCachedEntityPersister',
  22 => 'Doctrine\\ORM\\Cache\\Persister\\Entity\\ReadOnlyCachedEntityPersister',
  23 => 'Doctrine\\ORM\\Cache\\Persister\\Entity\\ReadWriteCachedEntityPersister',
  24 => 'Doctrine\\ORM\\Persisters\\Entity\\AbstractEntityInheritancePersister',
  25 => 'Doctrine\\ORM\\Persisters\\Entity\\BasicEntityPersister',
  26 => 'Doctrine\\ORM\\Persisters\\Entity\\CachedPersisterContext',
  27 => 'Doctrine\\ORM\\Persisters\\Entity\\EntityPersister',
  28 => 'Doctrine\\ORM\\Persisters\\Entity\\JoinedSubclassPersister',
  29 => 'Doctrine\\ORM\\Persisters\\Entity\\SingleTablePersister',
  30 => 'Nelmio\\ApiDocBundle\\Controller\\DocumentationController',
  31 => 'Nelmio\\ApiDocBundle\\Controller\\SwaggerUiController',
  32 => 'Nelmio\\ApiDocBundle\\Controller\\YamlDocumentationController',
  34 => 'Symfony\\Bundle\\FrameworkBundle\\Controller\\ControllerResolver',
  35 => 'Symfony\\Bundle\\FrameworkBundle\\Controller\\RedirectController',
  36 => 'Symfony\\Bundle\\FrameworkBundle\\Controller\\TemplateController',
  37 => 'Symfony\\Bundle\\WebProfilerBundle\\Controller\\ExceptionPanelController',
  38 => 'Symfony\\Bundle\\WebProfilerBundle\\Controller\\ProfilerController',
  39 => 'Symfony\\Bundle\\WebProfilerBundle\\Controller\\RouterController',
  40 => 'Symfony\\Component\\HttpKernel\\Controller\\ArgumentResolver',
  41 => 'Symfony\\Component\\HttpKernel\\Controller\\ArgumentResolverInterface',
  42 => 'Symfony\\Component\\HttpKernel\\Controller\\ArgumentResolver\\BackedEnumValueResolver',
  43 => 'Symfony\\Component\\HttpKernel\\Controller\\ArgumentResolver\\DateTimeValueResolver',
  44 => 'Symfony\\Component\\HttpKernel\\Controller\\ArgumentResolver\\DefaultValueResolver',
  45 => 'Symfony\\Component\\HttpKernel\\Controller\\ArgumentResolver\\NotTaggedControllerValueResolver',
  46 => 'Symfony\\Component\\HttpKernel\\Controller\\ArgumentResolver\\RequestAttributeValueResolver',
  47 => 'Symfony\\Component\\HttpKernel\\Controller\\ArgumentResolver\\RequestValueResolver',
  48 => 'Symfony\\Component\\HttpKernel\\Controller\\ArgumentResolver\\ServiceValueResolver',
  49 => 'Symfony\\Component\\HttpKernel\\Controller\\ArgumentResolver\\SessionValueResolver',
  50 => 'Symfony\\Component\\HttpKernel\\Controller\\ArgumentResolver\\TraceableValueResolver',
  51 => 'Symfony\\Component\\HttpKernel\\Controller\\ArgumentResolver\\UidValueResolver',
  52 => 'Symfony\\Component\\HttpKernel\\Controller\\ArgumentResolver\\VariadicValueResolver',
  53 => 'Symfony\\Component\\HttpKernel\\Controller\\ArgumentValueResolverInterface',
  54 => 'Symfony\\Component\\HttpKernel\\Controller\\ContainerControllerResolver',
  55 => 'Symfony\\Component\\HttpKernel\\Controller\\ControllerReference',
  56 => 'Symfony\\Component\\HttpKernel\\Controller\\ControllerResolver',
  57 => 'Symfony\\Component\\HttpKernel\\Controller\\ControllerResolverInterface',
  58 => 'Symfony\\Component\\HttpKernel\\Controller\\ErrorController',
  59 => 'Symfony\\Component\\HttpKernel\\Controller\\TraceableArgumentResolver',
  60 => 'Symfony\\Component\\HttpKernel\\Controller\\TraceableControllerResolver',
  61 => 'Symfony\\Component\\Security\\Http\\Controller\\UserValueResolver',
);